Component: ARM Compiler 5.06 update 7 (build 960) Tool: armlink [4d3601]

==============================================================================

Section Cross References

    main.o(i.main) refers to _mcpr_stm32f407.o(i.mcpr_SetSystemCoreClock) for mcpr_SetSystemCoreClock
    main.o(i.main) refers to display.o(i.LCD_init) for LCD_init
    main.o(i.main) refers to timer.o(i.timer7_init) for timer7_init
    main.o(i.main) refers to timer.o(i.timer4_init) for timer4_init
    main.o(i.main) refers to display.o(i.clearDisplay) for clearDisplay
    main.o(i.main) refers to display.o(i.drawString) for drawString
    main.o(i.main) refers to main.o(.data) for ms
    main.o(i.main) refers to main.o(.bss) for seconds
    _mcpr_stm32f407.o(i.mcpr_ConfigSystemTick) refers to system_stm32f4xx.o(.data) for SystemCoreClock
    _mcpr_stm32f407.o(i.mcpr_SetSysClock) refers to system_stm32f4xx.o(.data) for SystemCoreClock
    _mcpr_stm32f407.o(i.mcpr_SetSysClockTick) refers to _mcpr_stm32f407.o(i.mcpr_SetSystemCoreClock) for mcpr_SetSystemCoreClock
    _mcpr_stm32f407.o(i.mcpr_SetSysClockTick) refers to _mcpr_stm32f407.o(i.mcpr_ConfigSystemTick) for mcpr_ConfigSystemTick
    _mcpr_stm32f407.o(i.mcpr_SetSystemCoreClock) refers to _mcpr_stm32f407.o(i.mcpr_SetSysClock) for mcpr_SetSysClock
    _mcpr_stm32f407.o(i.mcpr_SetSystemCoreClock) refers to system_stm32f4xx.o(i.SystemCoreClockUpdate) for SystemCoreClockUpdate
    display.o(i.LCD_WriteReg) refers to display.o(i.LCD_command) for LCD_command
    display.o(i.LCD_WriteReg) refers to display.o(i.LCD_data) for LCD_data
    display.o(i.LCD_command) refers to func.o(i.LCD_Output16BitWord) for LCD_Output16BitWord
    display.o(i.LCD_data) refers to func.o(i.LCD_Output16BitWord) for LCD_Output16BitWord
    display.o(i.LCD_drawPixel) refers to display.o(i.LCD_WriteReg) for LCD_WriteReg
    display.o(i.LCD_init) refers to func.o(i.delayForFunction) for delayForFunction
    display.o(i.LCD_init) refers to display.o(i.LCD_WriteReg) for LCD_WriteReg
    display.o(i.LCD_setCursor) refers to display.o(i.LCD_WriteReg) for LCD_WriteReg
    display.o(i.clearDisplay) refers to display.o(i.LCD_setCursor) for LCD_setCursor
    display.o(i.clearDisplay) refers to display.o(i.LCD_drawPixel) for LCD_drawPixel
    display.o(i.drawLetter) refers to display.o(i.LCD_setCursor) for LCD_setCursor
    display.o(i.drawLetter) refers to display.o(i.LCD_drawPixel) for LCD_drawPixel
    display.o(i.drawLetter) refers to display.o(.constdata) for console_font_12x16
    display.o(i.drawString) refers to display.o(i.drawLetter) for drawLetter
    display.o(i.drawString) refers to strlen.o(.text) for strlen
    func.o(i.u_delay) refers to dflt_clz.o(x$fpl$dflt) for __aeabi_i2d
    func.o(i.u_delay) refers to dmul.o(x$fpl$dmul) for __aeabi_dmul
    func.o(i.u_delay) refers to dleqf.o(x$fpl$dleqf) for __aeabi_cdcmple
    timer.o(i.TIM7_IRQHandler) refers to _printf_pad.o(.text) for _printf_pre_padding
    timer.o(i.TIM7_IRQHandler) refers to _printf_percent.o(.ARM.Collect$$_printf_percent$$00000000) for _printf_percent
    timer.o(i.TIM7_IRQHandler) refers to _printf_d.o(.ARM.Collect$$_printf_percent$$00000009) for _printf_d
    timer.o(i.TIM7_IRQHandler) refers to _printf_dec.o(.text) for _printf_int_dec
    timer.o(i.TIM7_IRQHandler) refers to noretval__2sprintf.o(.text) for __2sprintf
    timer.o(i.TIM7_IRQHandler) refers to main.o(.data) for ms
    timer.o(i.TIM7_IRQHandler) refers to main.o(.bss) for seconds
    startup_stm32f407xx.o(STACK) refers (Special) to heapauxi.o(.text) for __use_two_region_memory
    startup_stm32f407xx.o(HEAP) refers (Special) to heapauxi.o(.text) for __use_two_region_memory
    startup_stm32f407xx.o(RESET) refers (Special) to heapauxi.o(.text) for __use_two_region_memory
    startup_stm32f407xx.o(RESET) refers to startup_stm32f407xx.o(STACK) for __initial_sp
    startup_stm32f407xx.o(RESET) refers to startup_stm32f407xx.o(.text) for Reset_Handler
    startup_stm32f407xx.o(RESET) refers to timer.o(i.TIM7_IRQHandler) for TIM7_IRQHandler
    startup_stm32f407xx.o(.text) refers (Special) to heapauxi.o(.text) for __use_two_region_memory
    startup_stm32f407xx.o(.text) refers to system_stm32f4xx.o(i.SystemInit) for SystemInit
    startup_stm32f407xx.o(.text) refers to __main.o(!!!main) for __main
    startup_stm32f407xx.o(.text) refers to startup_stm32f407xx.o(HEAP) for Heap_Mem
    startup_stm32f407xx.o(.text) refers to startup_stm32f407xx.o(STACK) for Stack_Mem
    system_stm32f4xx.o(i.SystemCoreClockUpdate) refers to system_stm32f4xx.o(.data) for SystemCoreClock
    system_stm32f4xx.o(i.SystemCoreClockUpdate) refers to system_stm32f4xx.o(.constdata) for AHBPrescTable
    __2sprintf.o(.text) refers to _printf_char_common.o(.text) for _printf_char_common
    __2sprintf.o(.text) refers to _sputc.o(.text) for _sputc
    noretval__2sprintf.o(.text) refers to _printf_char_common.o(.text) for _printf_char_common
    noretval__2sprintf.o(.text) refers to _sputc.o(.text) for _sputc
    __printf.o(.text) refers to _printf_percent.o(.ARM.Collect$$_printf_percent$$00000000) for _printf_percent
    _printf_dec.o(.text) refers to _printf_intcommon.o(.text) for _printf_int_common
    __printf_flags.o(.text) refers to _printf_percent.o(.ARM.Collect$$_printf_percent$$00000000) for _printf_percent
    __printf_flags.o(.text) refers to __printf_flags.o(.constdata) for .constdata
    __printf_ss.o(.text) refers to _printf_percent.o(.ARM.Collect$$_printf_percent$$00000000) for _printf_percent
    __printf_flags_ss.o(.text) refers to _printf_percent.o(.ARM.Collect$$_printf_percent$$00000000) for _printf_percent
    __printf_flags_ss.o(.text) refers to __printf_flags_ss.o(.constdata) for .constdata
    __printf_wp.o(.text) refers to __printf_wp.o(i._is_digit) for _is_digit
    __printf_wp.o(.text) refers to _printf_percent.o(.ARM.Collect$$_printf_percent$$00000000) for _printf_percent
    __printf_flags_wp.o(.text) refers to __printf_wp.o(i._is_digit) for _is_digit
    __printf_flags_wp.o(.text) refers to _printf_percent.o(.ARM.Collect$$_printf_percent$$00000000) for _printf_percent
    __printf_flags_wp.o(.text) refers to __printf_flags_wp.o(.constdata) for .constdata
    __printf_ss_wp.o(.text) refers to __printf_wp.o(i._is_digit) for _is_digit
    __printf_ss_wp.o(.text) refers to _printf_percent.o(.ARM.Collect$$_printf_percent$$00000000) for _printf_percent
    __printf_flags_ss_wp.o(.text) refers to __printf_wp.o(i._is_digit) for _is_digit
    __printf_flags_ss_wp.o(.text) refers to _printf_percent.o(.ARM.Collect$$_printf_percent$$00000000) for _printf_percent
    __printf_flags_ss_wp.o(.text) refers to __printf_flags_ss_wp.o(.constdata) for .constdata
    _printf_d.o(.ARM.Collect$$_printf_percent$$00000009) refers (Weak) to _printf_dec.o(.text) for _printf_int_dec
    _printf_percent.o(.ARM.Collect$$_printf_percent$$00000000) refers (Special) to _printf_percent_end.o(.ARM.Collect$$_printf_percent$$00000017) for _printf_percent_end
    __main.o(!!!main) refers to __rtentry.o(.ARM.Collect$$rtentry$$00000000) for __rt_entry
    dflt_clz.o(x$fpl$dfltu) refers (Special) to usenofp.o(x$fpl$usenofp) for __I$use$fp
    dflt_clz.o(x$fpl$dflt) refers (Special) to usenofp.o(x$fpl$usenofp) for __I$use$fp
    dflt_clz.o(x$fpl$dfltn) refers (Special) to usenofp.o(x$fpl$usenofp) for __I$use$fp
    dleqf.o(x$fpl$dleqf) refers (Special) to usenofp.o(x$fpl$usenofp) for __I$use$fp
    dleqf.o(x$fpl$dleqf) refers to dnaninf.o(x$fpl$dnaninf) for __fpl_dnaninf
    dleqf.o(x$fpl$dleqf) refers to dcmpi.o(x$fpl$dcmpinf) for __fpl_dcmp_Inf
    dmul.o(x$fpl$dmul) refers (Special) to usenofp.o(x$fpl$usenofp) for __I$use$fp
    dmul.o(x$fpl$dmul) refers to dretinf.o(x$fpl$dretinf) for __fpl_dretinf
    dmul.o(x$fpl$dmul) refers to dnaninf.o(x$fpl$dnaninf) for __fpl_dnaninf
    __rtentry.o(.ARM.Collect$$rtentry$$00000000) refers (Special) to __rtentry2.o(.ARM.Collect$$rtentry$$0000000A) for __rt_entry_li
    __rtentry.o(.ARM.Collect$$rtentry$$00000000) refers (Special) to __rtentry2.o(.ARM.Collect$$rtentry$$0000000D) for __rt_entry_main
    __rtentry.o(.ARM.Collect$$rtentry$$00000000) refers (Special) to __rtentry2.o(.ARM.Collect$$rtentry$$0000000C) for __rt_entry_postli_1
    __rtentry.o(.ARM.Collect$$rtentry$$00000000) refers (Special) to __rtentry2.o(.ARM.Collect$$rtentry$$00000009) for __rt_entry_postsh_1
    __rtentry.o(.ARM.Collect$$rtentry$$00000000) refers (Special) to __rtentry2.o(.ARM.Collect$$rtentry$$00000002) for __rt_entry_presh_1
    __rtentry.o(.ARM.Collect$$rtentry$$00000000) refers (Special) to __rtentry4.o(.ARM.Collect$$rtentry$$00000004) for __rt_entry_sh
    _printf_intcommon.o(.text) refers (Weak) to _printf_pad.o(.text) for _printf_pre_padding
    _printf_intcommon.o(.text) refers (Weak) to _printf_pad.o(.text) for _printf_pre_padding
    _printf_intcommon.o(.text) refers (Weak) to _printf_pad.o(.text) for _printf_post_padding
    _printf_char_common.o(.text) refers to __printf_wp.o(.text) for __printf
    dcmpi.o(x$fpl$dcmpinf) refers (Special) to usenofp.o(x$fpl$usenofp) for __I$use$fp
    dnaninf.o(x$fpl$dnaninf) refers (Special) to usenofp.o(x$fpl$usenofp) for __I$use$fp
    dretinf.o(x$fpl$dretinf) refers (Special) to usenofp.o(x$fpl$usenofp) for __I$use$fp
    __rtentry2.o(.ARM.Collect$$rtentry$$00000008) refers to boardinit2.o(.text) for _platform_post_stackheap_init
    __rtentry2.o(.ARM.Collect$$rtentry$$0000000A) refers to libinit.o(.ARM.Collect$$libinit$$00000000) for __rt_lib_init
    __rtentry2.o(.ARM.Collect$$rtentry$$0000000B) refers to boardinit3.o(.text) for _platform_post_lib_init
    __rtentry2.o(.ARM.Collect$$rtentry$$0000000D) refers to main.o(i.main) for main
    __rtentry2.o(.ARM.Collect$$rtentry$$0000000D) refers to exit.o(.text) for exit
    __rtentry2.o(.ARM.exidx) refers to __rtentry2.o(.ARM.Collect$$rtentry$$00000001) for .ARM.Collect$$rtentry$$00000001
    __rtentry2.o(.ARM.exidx) refers to __rtentry2.o(.ARM.Collect$$rtentry$$00000008) for .ARM.Collect$$rtentry$$00000008
    __rtentry2.o(.ARM.exidx) refers to __rtentry2.o(.ARM.Collect$$rtentry$$0000000A) for .ARM.Collect$$rtentry$$0000000A
    __rtentry2.o(.ARM.exidx) refers to __rtentry2.o(.ARM.Collect$$rtentry$$0000000B) for .ARM.Collect$$rtentry$$0000000B
    __rtentry2.o(.ARM.exidx) refers to __rtentry2.o(.ARM.Collect$$rtentry$$0000000D) for .ARM.Collect$$rtentry$$0000000D
    __rtentry4.o(.ARM.Collect$$rtentry$$00000004) refers to sys_stackheap_outer.o(.text) for __user_setup_stackheap
    __rtentry4.o(.ARM.exidx) refers to __rtentry4.o(.ARM.Collect$$rtentry$$00000004) for .ARM.Collect$$rtentry$$00000004
    sys_stackheap_outer.o(.text) refers to libspace.o(.text) for __user_perproc_libspace
    sys_stackheap_outer.o(.text) refers to startup_stm32f407xx.o(.text) for __user_initial_stackheap
    exit.o(.text) refers to rtexit.o(.ARM.Collect$$rtexit$$00000000) for __rt_exit
    libinit.o(.ARM.Collect$$libinit$$00000000) refers (Special) to libinit2.o(.ARM.Collect$$libinit$$0000002E) for __rt_lib_init_alloca_1
    libinit.o(.ARM.Collect$$libinit$$00000000) refers (Special) to libinit2.o(.ARM.Collect$$libinit$$0000002C) for __rt_lib_init_argv_1
    libinit.o(.ARM.Collect$$libinit$$00000000) refers (Special) to libinit2.o(.ARM.Collect$$libinit$$0000001B) for __rt_lib_init_atexit_1
    libinit.o(.ARM.Collect$$libinit$$00000000) refers (Special) to libinit2.o(.ARM.Collect$$libinit$$00000021) for __rt_lib_init_clock_1
    libinit.o(.ARM.Collect$$libinit$$00000000) refers (Special) to libinit2.o(.ARM.Collect$$libinit$$00000032) for __rt_lib_init_cpp_1
    libinit.o(.ARM.Collect$$libinit$$00000000) refers (Special) to libinit2.o(.ARM.Collect$$libinit$$00000030) for __rt_lib_init_exceptions_1
    libinit.o(.ARM.Collect$$libinit$$00000000) refers (Special) to libinit2.o(.ARM.Collect$$libinit$$00000001) for __rt_lib_init_fp_1
    libinit.o(.ARM.Collect$$libinit$$00000000) refers (Special) to libinit2.o(.ARM.Collect$$libinit$$0000001F) for __rt_lib_init_fp_trap_1
    libinit.o(.ARM.Collect$$libinit$$00000000) refers (Special) to libinit2.o(.ARM.Collect$$libinit$$00000023) for __rt_lib_init_getenv_1
    libinit.o(.ARM.Collect$$libinit$$00000000) refers (Special) to libinit2.o(.ARM.Collect$$libinit$$0000000A) for __rt_lib_init_heap_1
    libinit.o(.ARM.Collect$$libinit$$00000000) refers (Special) to libinit2.o(.ARM.Collect$$libinit$$00000011) for __rt_lib_init_lc_collate_1
    libinit.o(.ARM.Collect$$libinit$$00000000) refers (Special) to libinit2.o(.ARM.Collect$$libinit$$00000013) for __rt_lib_init_lc_ctype_1
    libinit.o(.ARM.Collect$$libinit$$00000000) refers (Special) to libinit2.o(.ARM.Collect$$libinit$$00000015) for __rt_lib_init_lc_monetary_1
    libinit.o(.ARM.Collect$$libinit$$00000000) refers (Special) to libinit2.o(.ARM.Collect$$libinit$$00000017) for __rt_lib_init_lc_numeric_1
    libinit.o(.ARM.Collect$$libinit$$00000000) refers (Special) to libinit2.o(.ARM.Collect$$libinit$$00000019) for __rt_lib_init_lc_time_1
    libinit.o(.ARM.Collect$$libinit$$00000000) refers (Special) to libinit2.o(.ARM.Collect$$libinit$$00000004) for __rt_lib_init_preinit_1
    libinit.o(.ARM.Collect$$libinit$$00000000) refers (Special) to libinit2.o(.ARM.Collect$$libinit$$0000000E) for __rt_lib_init_rand_1
    libinit.o(.ARM.Collect$$libinit$$00000000) refers (Special) to libinit2.o(.ARM.Collect$$libinit$$00000033) for __rt_lib_init_return
    libinit.o(.ARM.Collect$$libinit$$00000000) refers (Special) to libinit2.o(.ARM.Collect$$libinit$$0000001D) for __rt_lib_init_signal_1
    libinit.o(.ARM.Collect$$libinit$$00000000) refers (Special) to libinit2.o(.ARM.Collect$$libinit$$00000025) for __rt_lib_init_stdio_1
    libinit.o(.ARM.Collect$$libinit$$00000000) refers (Special) to libinit2.o(.ARM.Collect$$libinit$$0000000C) for __rt_lib_init_user_alloc_1
    libspace.o(.text) refers to libspace.o(.bss) for __libspace_start
    rtexit.o(.ARM.Collect$$rtexit$$00000000) refers (Special) to rtexit2.o(.ARM.Collect$$rtexit$$00000004) for __rt_exit_exit
    rtexit.o(.ARM.Collect$$rtexit$$00000000) refers (Special) to rtexit2.o(.ARM.Collect$$rtexit$$00000003) for __rt_exit_ls
    rtexit.o(.ARM.Collect$$rtexit$$00000000) refers (Special) to rtexit2.o(.ARM.Collect$$rtexit$$00000002) for __rt_exit_prels_1
    rtexit.o(.ARM.exidx) refers (Special) to rtexit2.o(.ARM.Collect$$rtexit$$00000004) for __rt_exit_exit
    rtexit.o(.ARM.exidx) refers (Special) to rtexit2.o(.ARM.Collect$$rtexit$$00000003) for __rt_exit_ls
    rtexit.o(.ARM.exidx) refers (Special) to rtexit2.o(.ARM.Collect$$rtexit$$00000002) for __rt_exit_prels_1
    rtexit.o(.ARM.exidx) refers to rtexit.o(.ARM.Collect$$rtexit$$00000000) for .ARM.Collect$$rtexit$$00000000
    libinit2.o(.ARM.Collect$$libinit$$00000001) refers to fpinit.o(x$fpl$fpinit) for _fp_init
    libinit2.o(.ARM.Collect$$libinit$$00000010) refers to libinit2.o(.ARM.Collect$$libinit$$0000000F) for .ARM.Collect$$libinit$$0000000F
    libinit2.o(.ARM.Collect$$libinit$$00000012) refers to libinit2.o(.ARM.Collect$$libinit$$0000000F) for .ARM.Collect$$libinit$$0000000F
    libinit2.o(.ARM.Collect$$libinit$$00000014) refers to libinit2.o(.ARM.Collect$$libinit$$0000000F) for .ARM.Collect$$libinit$$0000000F
    libinit2.o(.ARM.Collect$$libinit$$00000016) refers to libinit2.o(.ARM.Collect$$libinit$$0000000F) for .ARM.Collect$$libinit$$0000000F
    libinit2.o(.ARM.Collect$$libinit$$00000018) refers to libinit2.o(.ARM.Collect$$libinit$$0000000F) for .ARM.Collect$$libinit$$0000000F
    libinit2.o(.ARM.Collect$$libinit$$00000026) refers to argv_veneer.o(.emb_text) for __ARM_argv_veneer
    libinit2.o(.ARM.Collect$$libinit$$00000027) refers to argv_veneer.o(.emb_text) for __ARM_argv_veneer
    rtexit2.o(.ARM.Collect$$rtexit$$00000003) refers to libshutdown.o(.ARM.Collect$$libshutdown$$00000000) for __rt_lib_shutdown
    rtexit2.o(.ARM.Collect$$rtexit$$00000004) refers to sys_exit.o(.text) for _sys_exit
    rtexit2.o(.ARM.exidx) refers to rtexit2.o(.ARM.Collect$$rtexit$$00000001) for .ARM.Collect$$rtexit$$00000001
    rtexit2.o(.ARM.exidx) refers to rtexit2.o(.ARM.Collect$$rtexit$$00000003) for .ARM.Collect$$rtexit$$00000003
    rtexit2.o(.ARM.exidx) refers to rtexit2.o(.ARM.Collect$$rtexit$$00000004) for .ARM.Collect$$rtexit$$00000004
    argv_veneer.o(.emb_text) refers to no_argv.o(.text) for __ARM_get_argv
    sys_exit.o(.text) refers (Special) to use_no_semi.o(.text) for __I$use$semihosting
    sys_exit.o(.text) refers (Special) to indicate_semi.o(.text) for __semihosting_library_function
    _get_argv_nomalloc.o(.text) refers (Special) to hrguard.o(.text) for __heap_region$guard
    _get_argv_nomalloc.o(.text) refers to defsig_rtmem_outer.o(.text) for __rt_SIGRTMEM
    _get_argv_nomalloc.o(.text) refers to sys_command.o(.text) for _sys_command_string
    libshutdown.o(.ARM.Collect$$libshutdown$$00000000) refers (Special) to libshutdown2.o(.ARM.Collect$$libshutdown$$00000004) for __rt_lib_shutdown_cpp_1
    libshutdown.o(.ARM.Collect$$libshutdown$$00000000) refers (Special) to libshutdown2.o(.ARM.Collect$$libshutdown$$00000002) for __rt_lib_shutdown_fini_1
    libshutdown.o(.ARM.Collect$$libshutdown$$00000000) refers (Special) to libshutdown2.o(.ARM.Collect$$libshutdown$$00000009) for __rt_lib_shutdown_fp_trap_1
    libshutdown.o(.ARM.Collect$$libshutdown$$00000000) refers (Special) to libshutdown2.o(.ARM.Collect$$libshutdown$$00000011) for __rt_lib_shutdown_heap_1
    libshutdown.o(.ARM.Collect$$libshutdown$$00000000) refers (Special) to libshutdown2.o(.ARM.Collect$$libshutdown$$00000012) for __rt_lib_shutdown_return
    libshutdown.o(.ARM.Collect$$libshutdown$$00000000) refers (Special) to libshutdown2.o(.ARM.Collect$$libshutdown$$0000000C) for __rt_lib_shutdown_signal_1
    libshutdown.o(.ARM.Collect$$libshutdown$$00000000) refers (Special) to libshutdown2.o(.ARM.Collect$$libshutdown$$00000006) for __rt_lib_shutdown_stdio_1
    libshutdown.o(.ARM.Collect$$libshutdown$$00000000) refers (Special) to libshutdown2.o(.ARM.Collect$$libshutdown$$0000000E) for __rt_lib_shutdown_user_alloc_1
    sys_command.o(.text) refers (Special) to use_no_semi.o(.text) for __I$use$semihosting
    sys_command.o(.text) refers (Special) to indicate_semi.o(.text) for __semihosting_library_function
    defsig_rtmem_outer.o(.text) refers to defsig_rtmem_inner.o(.text) for __rt_SIGRTMEM_inner
    defsig_rtmem_outer.o(.text) refers to defsig_exit.o(.text) for __sig_exit
    defsig_rtmem_formal.o(.text) refers to rt_raise.o(.text) for __rt_raise
    rt_raise.o(.text) refers to __raise.o(.text) for __raise
    rt_raise.o(.text) refers to sys_exit.o(.text) for _sys_exit
    defsig_exit.o(.text) refers to sys_exit.o(.text) for _sys_exit
    defsig_rtmem_inner.o(.text) refers to defsig_general.o(.text) for __default_signal_display
    __raise.o(.text) refers to defsig.o(CL$$defsig) for __default_signal_handler
    defsig_general.o(.text) refers to sys_wrch.o(.text) for _ttywrch
    sys_wrch.o(.text) refers (Special) to use_no_semi.o(.text) for __I$use$semihosting
    sys_wrch.o(.text) refers (Special) to indicate_semi.o(.text) for __semihosting_library_function
    defsig.o(CL$$defsig) refers to defsig_rtmem_inner.o(.text) for __rt_SIGRTMEM_inner
    defsig_abrt_inner.o(.text) refers to defsig_general.o(.text) for __default_signal_display
    defsig_fpe_inner.o(.text) refers to defsig_general.o(.text) for __default_signal_display
    defsig_rtred_inner.o(.text) refers to defsig_general.o(.text) for __default_signal_display
    defsig_stak_inner.o(.text) refers to defsig_general.o(.text) for __default_signal_display
    defsig_pvfn_inner.o(.text) refers to defsig_general.o(.text) for __default_signal_display
    defsig_cppl_inner.o(.text) refers to defsig_general.o(.text) for __default_signal_display
    defsig_segv_inner.o(.text) refers to defsig_general.o(.text) for __default_signal_display
    defsig_other.o(.text) refers to defsig_general.o(.text) for __default_signal_display


==============================================================================

Removing Unused input sections from the image.

    Removing main.o(.rev16_text), (4 bytes).
    Removing main.o(.revsh_text), (4 bytes).
    Removing main.o(.rrx_text), (6 bytes).
    Removing _mcpr_stm32f407.o(.rev16_text), (4 bytes).
    Removing _mcpr_stm32f407.o(.revsh_text), (4 bytes).
    Removing _mcpr_stm32f407.o(.rrx_text), (6 bytes).
    Removing _mcpr_stm32f407.o(i.mcpr_ConfigSystemTick), (104 bytes).
    Removing _mcpr_stm32f407.o(i.mcpr_SetSysClockTick), (12 bytes).
    Removing display.o(.rev16_text), (4 bytes).
    Removing display.o(.revsh_text), (4 bytes).
    Removing display.o(.rrx_text), (6 bytes).
    Removing display.o(i.activateDisplay), (36 bytes).
    Removing display.o(i.deactivateDisplay), (20 bytes).
    Removing func.o(.rev16_text), (4 bytes).
    Removing func.o(.revsh_text), (4 bytes).
    Removing func.o(.rrx_text), (6 bytes).
    Removing func.o(i.u_delay), (72 bytes).
    Removing timer.o(.rev16_text), (4 bytes).
    Removing timer.o(.revsh_text), (4 bytes).
    Removing timer.o(.rrx_text), (6 bytes).
    Removing system_stm32f4xx.o(.rev16_text), (4 bytes).
    Removing system_stm32f4xx.o(.revsh_text), (4 bytes).
    Removing system_stm32f4xx.o(.rrx_text), (6 bytes).

23 unused section(s) (total 328 bytes) removed from the image.

==============================================================================

Image Symbol Table

    Local Symbols

    Symbol Name                              Value     Ov Type        Size  Object(Section)

    ../clib/angel/boardlib.s                 0x00000000   Number         0  boardshut.o ABSOLUTE
    ../clib/angel/boardlib.s                 0x00000000   Number         0  boardinit1.o ABSOLUTE
    ../clib/angel/boardlib.s                 0x00000000   Number         0  boardinit2.o ABSOLUTE
    ../clib/angel/boardlib.s                 0x00000000   Number         0  boardinit3.o ABSOLUTE
    ../clib/angel/handlers.s                 0x00000000   Number         0  __scatter_zi.o ABSOLUTE
    ../clib/angel/handlers.s                 0x00000000   Number         0  __scatter_copy.o ABSOLUTE
    ../clib/angel/kernel.s                   0x00000000   Number         0  rtexit2.o ABSOLUTE
    ../clib/angel/kernel.s                   0x00000000   Number         0  __rtentry4.o ABSOLUTE
    ../clib/angel/kernel.s                   0x00000000   Number         0  __rtentry.o ABSOLUTE
    ../clib/angel/kernel.s                   0x00000000   Number         0  __rtentry2.o ABSOLUTE
    ../clib/angel/kernel.s                   0x00000000   Number         0  rtexit.o ABSOLUTE
    ../clib/angel/rt.s                       0x00000000   Number         0  rt_raise.o ABSOLUTE
    ../clib/angel/scatter.s                  0x00000000   Number         0  __scatter.o ABSOLUTE
    ../clib/angel/startup.s                  0x00000000   Number         0  __main.o ABSOLUTE
    ../clib/angel/sys.s                      0x00000000   Number         0  indicate_semi.o ABSOLUTE
    ../clib/angel/sys.s                      0x00000000   Number         0  libspace.o ABSOLUTE
    ../clib/angel/sys.s                      0x00000000   Number         0  use_no_semi.o ABSOLUTE
    ../clib/angel/sys.s                      0x00000000   Number         0  sys_stackheap_outer.o ABSOLUTE
    ../clib/angel/sysapp.c                   0x00000000   Number         0  sys_exit.o ABSOLUTE
    ../clib/angel/sysapp.c                   0x00000000   Number         0  sys_command.o ABSOLUTE
    ../clib/angel/sysapp.c                   0x00000000   Number         0  sys_wrch.o ABSOLUTE
    ../clib/armsys.c                         0x00000000   Number         0  argv_veneer.o ABSOLUTE
    ../clib/armsys.c                         0x00000000   Number         0  _get_argv_nomalloc.o ABSOLUTE
    ../clib/armsys.c                         0x00000000   Number         0  argv_veneer.o ABSOLUTE
    ../clib/armsys.c                         0x00000000   Number         0  no_argv.o ABSOLUTE
    ../clib/heapalloc.c                      0x00000000   Number         0  hrguard.o ABSOLUTE
    ../clib/heapaux.c                        0x00000000   Number         0  heapauxi.o ABSOLUTE
    ../clib/libinit.s                        0x00000000   Number         0  libshutdown2.o ABSOLUTE
    ../clib/libinit.s                        0x00000000   Number         0  libshutdown.o ABSOLUTE
    ../clib/libinit.s                        0x00000000   Number         0  libinit.o ABSOLUTE
    ../clib/libinit.s                        0x00000000   Number         0  libinit2.o ABSOLUTE
    ../clib/misc.s                           0x00000000   Number         0  printf_stubs.o ABSOLUTE
    ../clib/printf.c                         0x00000000   Number         0  noretval__2sprintf.o ABSOLUTE
    ../clib/printf.c                         0x00000000   Number         0  __printf.o ABSOLUTE
    ../clib/printf.c                         0x00000000   Number         0  __printf_nopercent.o ABSOLUTE
    ../clib/printf.c                         0x00000000   Number         0  _printf_pad.o ABSOLUTE
    ../clib/printf.c                         0x00000000   Number         0  _printf_dec.o ABSOLUTE
    ../clib/printf.c                         0x00000000   Number         0  __printf_flags.o ABSOLUTE
    ../clib/printf.c                         0x00000000   Number         0  __printf_ss.o ABSOLUTE
    ../clib/printf.c                         0x00000000   Number         0  __printf_flags_ss.o ABSOLUTE
    ../clib/printf.c                         0x00000000   Number         0  __printf_flags_wp.o ABSOLUTE
    ../clib/printf.c                         0x00000000   Number         0  __printf_ss_wp.o ABSOLUTE
    ../clib/printf.c                         0x00000000   Number         0  __printf_flags_ss_wp.o ABSOLUTE
    ../clib/printf.c                         0x00000000   Number         0  _printf_intcommon.o ABSOLUTE
    ../clib/printf.c                         0x00000000   Number         0  _sputc.o ABSOLUTE
    ../clib/printf.c                         0x00000000   Number         0  _printf_char_common.o ABSOLUTE
    ../clib/printf.c                         0x00000000   Number         0  __2sprintf.o ABSOLUTE
    ../clib/printf.c                         0x00000000   Number         0  __printf_wp.o ABSOLUTE
    ../clib/printf_percent.s                 0x00000000   Number         0  _printf_percent.o ABSOLUTE
    ../clib/printf_percent.s                 0x00000000   Number         0  _printf_percent_end.o ABSOLUTE
    ../clib/printf_percent.s                 0x00000000   Number         0  _printf_d.o ABSOLUTE
    ../clib/signal.c                         0x00000000   Number         0  defsig_stak_inner.o ABSOLUTE
    ../clib/signal.c                         0x00000000   Number         0  defsig_exit.o ABSOLUTE
    ../clib/signal.c                         0x00000000   Number         0  defsig_abrt_inner.o ABSOLUTE
    ../clib/signal.c                         0x00000000   Number         0  defsig_fpe_inner.o ABSOLUTE
    ../clib/signal.c                         0x00000000   Number         0  defsig_general.o ABSOLUTE
    ../clib/signal.c                         0x00000000   Number         0  defsig_other.o ABSOLUTE
    ../clib/signal.c                         0x00000000   Number         0  defsig_segv_inner.o ABSOLUTE
    ../clib/signal.c                         0x00000000   Number         0  defsig_cppl_inner.o ABSOLUTE
    ../clib/signal.c                         0x00000000   Number         0  defsig_pvfn_inner.o ABSOLUTE
    ../clib/signal.c                         0x00000000   Number         0  defsig_rtmem_inner.o ABSOLUTE
    ../clib/signal.c                         0x00000000   Number         0  defsig_rtred_inner.o ABSOLUTE
    ../clib/signal.c                         0x00000000   Number         0  defsig_rtmem_formal.o ABSOLUTE
    ../clib/signal.c                         0x00000000   Number         0  __raise.o ABSOLUTE
    ../clib/signal.c                         0x00000000   Number         0  defsig_rtmem_outer.o ABSOLUTE
    ../clib/signal.s                         0x00000000   Number         0  defsig.o ABSOLUTE
    ../clib/stdlib.c                         0x00000000   Number         0  exit.o ABSOLUTE
    ../clib/string.c                         0x00000000   Number         0  strlen.o ABSOLUTE
    ../fplib/dcmpi.s                         0x00000000   Number         0  dcmpi.o ABSOLUTE
    ../fplib/dflt.s                          0x00000000   Number         0  dflt_clz.o ABSOLUTE
    ../fplib/dleqf.s                         0x00000000   Number         0  dleqf.o ABSOLUTE
    ../fplib/dmul.s                          0x00000000   Number         0  dmul.o ABSOLUTE
    ../fplib/dnaninf.s                       0x00000000   Number         0  dnaninf.o ABSOLUTE
    ../fplib/dretinf.s                       0x00000000   Number         0  dretinf.o ABSOLUTE
    ../fplib/fpinit.s                        0x00000000   Number         0  fpinit.o ABSOLUTE
    ../fplib/usenofp.s                       0x00000000   Number         0  usenofp.o ABSOLUTE
    RTE\Device\STM32F407VGTx\startup_stm32f407xx.s 0x00000000   Number         0  startup_stm32f407xx.o ABSOLUTE
    RTE\Device\STM32F407VGTx\system_stm32f4xx.c 0x00000000   Number         0  system_stm32f4xx.o ABSOLUTE
    RTE\\Device\\STM32F407VGTx\\system_stm32f4xx.c 0x00000000   Number         0  system_stm32f4xx.o ABSOLUTE
    _mcpr_stm32f407.c                        0x00000000   Number         0  _mcpr_stm32f407.o ABSOLUTE
    _mcpr_stm32f407.c                        0x00000000   Number         0  _mcpr_stm32f407.o ABSOLUTE
    dc.s                                     0x00000000   Number         0  dc.o ABSOLUTE
    display.c                                0x00000000   Number         0  display.o ABSOLUTE
    display.c                                0x00000000   Number         0  display.o ABSOLUTE
    func.c                                   0x00000000   Number         0  func.o ABSOLUTE
    func.c                                   0x00000000   Number         0  func.o ABSOLUTE
    main.c                                   0x00000000   Number         0  main.o ABSOLUTE
    main.c                                   0x00000000   Number         0  main.o ABSOLUTE
    timer.c                                  0x00000000   Number         0  timer.o ABSOLUTE
    timer.c                                  0x00000000   Number         0  timer.o ABSOLUTE
    RESET                                    0x20000000   Section      392  startup_stm32f407xx.o(RESET)
    !!!main                                  0x20000188   Section        8  __main.o(!!!main)
    !!!scatter                               0x20000190   Section       52  __scatter.o(!!!scatter)
    !!handler_copy                           0x200001c4   Section       26  __scatter_copy.o(!!handler_copy)
    !!handler_zi                             0x200001e0   Section       28  __scatter_zi.o(!!handler_zi)
    .ARM.Collect$$_printf_percent$$00000000  0x200001fc   Section        0  _printf_percent.o(.ARM.Collect$$_printf_percent$$00000000)
    .ARM.Collect$$_printf_percent$$00000009  0x200001fc   Section        6  _printf_d.o(.ARM.Collect$$_printf_percent$$00000009)
    .ARM.Collect$$_printf_percent$$00000017  0x20000202   Section        4  _printf_percent_end.o(.ARM.Collect$$_printf_percent$$00000017)
    .ARM.Collect$$libinit$$00000000          0x20000206   Section        2  libinit.o(.ARM.Collect$$libinit$$00000000)
    .ARM.Collect$$libinit$$00000001          0x20000208   Section        4  libinit2.o(.ARM.Collect$$libinit$$00000001)
    .ARM.Collect$$libinit$$00000004          0x2000020c   Section        0  libinit2.o(.ARM.Collect$$libinit$$00000004)
    .ARM.Collect$$libinit$$0000000A          0x2000020c   Section        0  libinit2.o(.ARM.Collect$$libinit$$0000000A)
    .ARM.Collect$$libinit$$0000000C          0x2000020c   Section        0  libinit2.o(.ARM.Collect$$libinit$$0000000C)
    .ARM.Collect$$libinit$$0000000E          0x2000020c   Section        0  libinit2.o(.ARM.Collect$$libinit$$0000000E)
    .ARM.Collect$$libinit$$00000011          0x2000020c   Section        0  libinit2.o(.ARM.Collect$$libinit$$00000011)
    .ARM.Collect$$libinit$$00000013          0x2000020c   Section        0  libinit2.o(.ARM.Collect$$libinit$$00000013)
    .ARM.Collect$$libinit$$00000015          0x2000020c   Section        0  libinit2.o(.ARM.Collect$$libinit$$00000015)
    .ARM.Collect$$libinit$$00000017          0x2000020c   Section        0  libinit2.o(.ARM.Collect$$libinit$$00000017)
    .ARM.Collect$$libinit$$00000019          0x2000020c   Section        0  libinit2.o(.ARM.Collect$$libinit$$00000019)
    .ARM.Collect$$libinit$$0000001B          0x2000020c   Section        0  libinit2.o(.ARM.Collect$$libinit$$0000001B)
    .ARM.Collect$$libinit$$0000001D          0x2000020c   Section        0  libinit2.o(.ARM.Collect$$libinit$$0000001D)
    .ARM.Collect$$libinit$$0000001F          0x2000020c   Section        0  libinit2.o(.ARM.Collect$$libinit$$0000001F)
    .ARM.Collect$$libinit$$00000021          0x2000020c   Section        0  libinit2.o(.ARM.Collect$$libinit$$00000021)
    .ARM.Collect$$libinit$$00000023          0x2000020c   Section        0  libinit2.o(.ARM.Collect$$libinit$$00000023)
    .ARM.Collect$$libinit$$00000025          0x2000020c   Section        0  libinit2.o(.ARM.Collect$$libinit$$00000025)
    .ARM.Collect$$libinit$$0000002C          0x2000020c   Section        0  libinit2.o(.ARM.Collect$$libinit$$0000002C)
    .ARM.Collect$$libinit$$0000002E          0x2000020c   Section        0  libinit2.o(.ARM.Collect$$libinit$$0000002E)
    .ARM.Collect$$libinit$$00000030          0x2000020c   Section        0  libinit2.o(.ARM.Collect$$libinit$$00000030)
    .ARM.Collect$$libinit$$00000032          0x2000020c   Section        0  libinit2.o(.ARM.Collect$$libinit$$00000032)
    .ARM.Collect$$libinit$$00000033          0x2000020c   Section        2  libinit2.o(.ARM.Collect$$libinit$$00000033)
    .ARM.Collect$$libshutdown$$00000000      0x2000020e   Section        2  libshutdown.o(.ARM.Collect$$libshutdown$$00000000)
    .ARM.Collect$$libshutdown$$00000002      0x20000210   Section        0  libshutdown2.o(.ARM.Collect$$libshutdown$$00000002)
    .ARM.Collect$$libshutdown$$00000004      0x20000210   Section        0  libshutdown2.o(.ARM.Collect$$libshutdown$$00000004)
    .ARM.Collect$$libshutdown$$00000006      0x20000210   Section        0  libshutdown2.o(.ARM.Collect$$libshutdown$$00000006)
    .ARM.Collect$$libshutdown$$00000009      0x20000210   Section        0  libshutdown2.o(.ARM.Collect$$libshutdown$$00000009)
    .ARM.Collect$$libshutdown$$0000000C      0x20000210   Section        0  libshutdown2.o(.ARM.Collect$$libshutdown$$0000000C)
    .ARM.Collect$$libshutdown$$0000000E      0x20000210   Section        0  libshutdown2.o(.ARM.Collect$$libshutdown$$0000000E)
    .ARM.Collect$$libshutdown$$00000011      0x20000210   Section        0  libshutdown2.o(.ARM.Collect$$libshutdown$$00000011)
    .ARM.Collect$$libshutdown$$00000012      0x20000210   Section        2  libshutdown2.o(.ARM.Collect$$libshutdown$$00000012)
    .ARM.Collect$$rtentry$$00000000          0x20000212   Section        0  __rtentry.o(.ARM.Collect$$rtentry$$00000000)
    .ARM.Collect$$rtentry$$00000002          0x20000212   Section        0  __rtentry2.o(.ARM.Collect$$rtentry$$00000002)
    .ARM.Collect$$rtentry$$00000004          0x20000212   Section        6  __rtentry4.o(.ARM.Collect$$rtentry$$00000004)
    .ARM.Collect$$rtentry$$00000009          0x20000218   Section        0  __rtentry2.o(.ARM.Collect$$rtentry$$00000009)
    .ARM.Collect$$rtentry$$0000000A          0x20000218   Section        4  __rtentry2.o(.ARM.Collect$$rtentry$$0000000A)
    .ARM.Collect$$rtentry$$0000000C          0x2000021c   Section        0  __rtentry2.o(.ARM.Collect$$rtentry$$0000000C)
    .ARM.Collect$$rtentry$$0000000D          0x2000021c   Section        8  __rtentry2.o(.ARM.Collect$$rtentry$$0000000D)
    .ARM.Collect$$rtexit$$00000000           0x20000224   Section        2  rtexit.o(.ARM.Collect$$rtexit$$00000000)
    .ARM.Collect$$rtexit$$00000002           0x20000226   Section        0  rtexit2.o(.ARM.Collect$$rtexit$$00000002)
    .ARM.Collect$$rtexit$$00000003           0x20000226   Section        4  rtexit2.o(.ARM.Collect$$rtexit$$00000003)
    .ARM.Collect$$rtexit$$00000004           0x2000022a   Section        6  rtexit2.o(.ARM.Collect$$rtexit$$00000004)
    .text                                    0x20000230   Section       64  startup_stm32f407xx.o(.text)
    $v0                                      0x20000230   Number         0  startup_stm32f407xx.o(.text)
    .text                                    0x20000270   Section        0  noretval__2sprintf.o(.text)
    .text                                    0x20000298   Section        0  _printf_pad.o(.text)
    .text                                    0x200002e8   Section        0  _printf_dec.o(.text)
    .text                                    0x20000360   Section        0  __printf_wp.o(.text)
    .text                                    0x2000046e   Section        0  strlen.o(.text)
    .text                                    0x200004ac   Section        0  heapauxi.o(.text)
    .text                                    0x200004b2   Section        0  _printf_intcommon.o(.text)
    .text                                    0x20000564   Section        0  _printf_char_common.o(.text)
    _printf_input_char                       0x20000565   Thumb Code    10  _printf_char_common.o(.text)
    .text                                    0x20000594   Section        0  _sputc.o(.text)
    .text                                    0x2000059e   Section       74  sys_stackheap_outer.o(.text)
    .text                                    0x200005e8   Section        0  exit.o(.text)
    .text                                    0x200005fc   Section        8  libspace.o(.text)
    .text                                    0x20000604   Section        0  sys_exit.o(.text)
    .text                                    0x20000610   Section        2  use_no_semi.o(.text)
    .text                                    0x20000612   Section        0  indicate_semi.o(.text)
    i.LCD_Output16BitWord                    0x20000614   Section        0  func.o(i.LCD_Output16BitWord)
    i.LCD_WriteReg                           0x200006b4   Section        0  display.o(i.LCD_WriteReg)
    i.LCD_command                            0x200006c8   Section        0  display.o(i.LCD_command)
    i.LCD_data                               0x20000714   Section        0  display.o(i.LCD_data)
    i.LCD_drawPixel                          0x20000760   Section        0  display.o(i.LCD_drawPixel)
    i.LCD_init                               0x20000770   Section        0  display.o(i.LCD_init)
    i.LCD_setCursor                          0x20000844   Section        0  display.o(i.LCD_setCursor)
    i.SystemCoreClockUpdate                  0x2000085c   Section        0  system_stm32f4xx.o(i.SystemCoreClockUpdate)
    i.SystemInit                             0x2000091c   Section        0  system_stm32f4xx.o(i.SystemInit)
    i.TIM7_IRQHandler                        0x20000980   Section        0  timer.o(i.TIM7_IRQHandler)
    i._is_digit                              0x200009d4   Section        0  __printf_wp.o(i._is_digit)
    i.clearDisplay                           0x200009e4   Section        0  display.o(i.clearDisplay)
    i.delayForFunction                       0x20000a08   Section        0  func.o(i.delayForFunction)
    i.drawLetter                             0x20000a1c   Section        0  display.o(i.drawLetter)
    i.drawString                             0x20000ae8   Section        0  display.o(i.drawString)
    i.main                                   0x20000b48   Section        0  main.o(i.main)
    i.mcpr_SetSysClock                       0x20000cf4   Section        0  _mcpr_stm32f407.o(i.mcpr_SetSysClock)
    mcpr_SetSysClock                         0x20000cf5   Thumb Code   226  _mcpr_stm32f407.o(i.mcpr_SetSysClock)
    i.mcpr_SetSystemCoreClock                0x20000df0   Section        0  _mcpr_stm32f407.o(i.mcpr_SetSystemCoreClock)
    i.timer4_init                            0x20000dfc   Section        0  timer.o(i.timer4_init)
    i.timer7_init                            0x20000e6c   Section        0  timer.o(i.timer7_init)
    x$fpl$fpinit                             0x20000f00   Section       10  fpinit.o(x$fpl$fpinit)
    $v0                                      0x20000f00   Number         0  fpinit.o(x$fpl$fpinit)
    .constdata                               0x20000f0a   Section     8192  display.o(.constdata)
    .constdata                               0x20002f0a   Section       24  system_stm32f4xx.o(.constdata)
    .data                                    0x20010000   Section        4  main.o(.data)
    .data                                    0x20010004   Section        4  system_stm32f4xx.o(.data)
    .bss                                     0x20010008   Section       20  main.o(.bss)
    .bss                                     0x2001001c   Section       96  libspace.o(.bss)
    HEAP                                     0x20010080   Section      512  startup_stm32f407xx.o(HEAP)
    Heap_Mem                                 0x20010080   Data         512  startup_stm32f407xx.o(HEAP)
    STACK                                    0x20010280   Section     1024  startup_stm32f407xx.o(STACK)
    Stack_Mem                                0x20010280   Data        1024  startup_stm32f407xx.o(STACK)
    __initial_sp                             0x20010680   Data           0  startup_stm32f407xx.o(STACK)

    Global Symbols

    Symbol Name                              Value     Ov Type        Size  Object(Section)

    BuildAttributes$$THM_ISAv4$E$P$D$K$B$S$7EM$VFPi3$EXTD16$VFPS$VFMA$PE$A:L22UL41UL21$X:L11$S22US41US21$IEEE1$IW$USESV6$~STKCKD$USESV7$~SHL$OSPACE$ROPI$EBA8$UX$STANDARDLIB$REQ8$PRES8$EABIv2 0x00000000   Number         0  anon$$obj.o ABSOLUTE
    __ARM_use_no_argv                        0x00000000   Number         0  main.o ABSOLUTE
    _printf_flags                            0x00000000   Number         0  printf_stubs.o ABSOLUTE
    _printf_return_value                     0x00000000   Number         0  printf_stubs.o ABSOLUTE
    _printf_sizespec                         0x00000000   Number         0  printf_stubs.o ABSOLUTE
    _printf_widthprec                        0x00000000   Number         0  printf_stubs.o ABSOLUTE
    __ARM_exceptions_init                     - Undefined Weak Reference
    __alloca_initialize                       - Undefined Weak Reference
    __arm_fini_                               - Undefined Weak Reference
    __arm_preinit_                            - Undefined Weak Reference
    __cpp_initialize__aeabi_                  - Undefined Weak Reference
    __cxa_finalize                            - Undefined Weak Reference
    __rt_locale                               - Undefined Weak Reference
    __sigvec_lookup                           - Undefined Weak Reference
    _atexit_init                              - Undefined Weak Reference
    _call_atexit_fns                          - Undefined Weak Reference
    _clock_init                               - Undefined Weak Reference
    _fp_trap_init                             - Undefined Weak Reference
    _fp_trap_shutdown                         - Undefined Weak Reference
    _get_lc_collate                           - Undefined Weak Reference
    _get_lc_ctype                             - Undefined Weak Reference
    _get_lc_monetary                          - Undefined Weak Reference
    _get_lc_numeric                           - Undefined Weak Reference
    _get_lc_time                              - Undefined Weak Reference
    _getenv_init                              - Undefined Weak Reference
    _handle_redirection                       - Undefined Weak Reference
    _init_alloc                               - Undefined Weak Reference
    _init_user_alloc                          - Undefined Weak Reference
    _initio                                   - Undefined Weak Reference
    _printf_truncate_signed                   - Undefined Weak Reference
    _printf_truncate_unsigned                 - Undefined Weak Reference
    _rand_init                                - Undefined Weak Reference
    _signal_finish                            - Undefined Weak Reference
    _signal_init                              - Undefined Weak Reference
    _terminate_alloc                          - Undefined Weak Reference
    _terminate_user_alloc                     - Undefined Weak Reference
    _terminateio                              - Undefined Weak Reference
    __Vectors_Size                           0x00000188   Number         0  startup_stm32f407xx.o ABSOLUTE
    __Vectors                                0x20000000   Data           4  startup_stm32f407xx.o(RESET)
    __Vectors_End                            0x20000188   Data           0  startup_stm32f407xx.o(RESET)
    __main                                   0x20000189   Thumb Code     8  __main.o(!!!main)
    __scatterload                            0x20000191   Thumb Code     0  __scatter.o(!!!scatter)
    __scatterload_rt2                        0x20000191   Thumb Code    44  __scatter.o(!!!scatter)
    __scatterload_rt2_thumb_only             0x20000191   Thumb Code     0  __scatter.o(!!!scatter)
    __scatterload_null                       0x2000019f   Thumb Code     0  __scatter.o(!!!scatter)
    __scatterload_copy                       0x200001c5   Thumb Code    26  __scatter_copy.o(!!handler_copy)
    __scatterload_zeroinit                   0x200001e1   Thumb Code    28  __scatter_zi.o(!!handler_zi)
    _printf_d                                0x200001fd   Thumb Code     0  _printf_d.o(.ARM.Collect$$_printf_percent$$00000009)
    _printf_percent                          0x200001fd   Thumb Code     0  _printf_percent.o(.ARM.Collect$$_printf_percent$$00000000)
    _printf_percent_end                      0x20000203   Thumb Code     0  _printf_percent_end.o(.ARM.Collect$$_printf_percent$$00000017)
    __rt_lib_init                            0x20000207   Thumb Code     0  libinit.o(.ARM.Collect$$libinit$$00000000)
    __rt_lib_init_fp_1                       0x20000209   Thumb Code     0  libinit2.o(.ARM.Collect$$libinit$$00000001)
    __rt_lib_init_alloca_1                   0x2000020d   Thumb Code     0  libinit2.o(.ARM.Collect$$libinit$$0000002E)
    __rt_lib_init_argv_1                     0x2000020d   Thumb Code     0  libinit2.o(.ARM.Collect$$libinit$$0000002C)
    __rt_lib_init_atexit_1                   0x2000020d   Thumb Code     0  libinit2.o(.ARM.Collect$$libinit$$0000001B)
    __rt_lib_init_clock_1                    0x2000020d   Thumb Code     0  libinit2.o(.ARM.Collect$$libinit$$00000021)
    __rt_lib_init_cpp_1                      0x2000020d   Thumb Code     0  libinit2.o(.ARM.Collect$$libinit$$00000032)
    __rt_lib_init_exceptions_1               0x2000020d   Thumb Code     0  libinit2.o(.ARM.Collect$$libinit$$00000030)
    __rt_lib_init_fp_trap_1                  0x2000020d   Thumb Code     0  libinit2.o(.ARM.Collect$$libinit$$0000001F)
    __rt_lib_init_getenv_1                   0x2000020d   Thumb Code     0  libinit2.o(.ARM.Collect$$libinit$$00000023)
    __rt_lib_init_heap_1                     0x2000020d   Thumb Code     0  libinit2.o(.ARM.Collect$$libinit$$0000000A)
    __rt_lib_init_lc_collate_1               0x2000020d   Thumb Code     0  libinit2.o(.ARM.Collect$$libinit$$00000011)
    __rt_lib_init_lc_ctype_1                 0x2000020d   Thumb Code     0  libinit2.o(.ARM.Collect$$libinit$$00000013)
    __rt_lib_init_lc_monetary_1              0x2000020d   Thumb Code     0  libinit2.o(.ARM.Collect$$libinit$$00000015)
    __rt_lib_init_lc_numeric_1               0x2000020d   Thumb Code     0  libinit2.o(.ARM.Collect$$libinit$$00000017)
    __rt_lib_init_lc_time_1                  0x2000020d   Thumb Code     0  libinit2.o(.ARM.Collect$$libinit$$00000019)
    __rt_lib_init_preinit_1                  0x2000020d   Thumb Code     0  libinit2.o(.ARM.Collect$$libinit$$00000004)
    __rt_lib_init_rand_1                     0x2000020d   Thumb Code     0  libinit2.o(.ARM.Collect$$libinit$$0000000E)
    __rt_lib_init_return                     0x2000020d   Thumb Code     0  libinit2.o(.ARM.Collect$$libinit$$00000033)
    __rt_lib_init_signal_1                   0x2000020d   Thumb Code     0  libinit2.o(.ARM.Collect$$libinit$$0000001D)
    __rt_lib_init_stdio_1                    0x2000020d   Thumb Code     0  libinit2.o(.ARM.Collect$$libinit$$00000025)
    __rt_lib_init_user_alloc_1               0x2000020d   Thumb Code     0  libinit2.o(.ARM.Collect$$libinit$$0000000C)
    __rt_lib_shutdown                        0x2000020f   Thumb Code     0  libshutdown.o(.ARM.Collect$$libshutdown$$00000000)
    __rt_lib_shutdown_cpp_1                  0x20000211   Thumb Code     0  libshutdown2.o(.ARM.Collect$$libshutdown$$00000004)
    __rt_lib_shutdown_fini_1                 0x20000211   Thumb Code     0  libshutdown2.o(.ARM.Collect$$libshutdown$$00000002)
    __rt_lib_shutdown_fp_trap_1              0x20000211   Thumb Code     0  libshutdown2.o(.ARM.Collect$$libshutdown$$00000009)
    __rt_lib_shutdown_heap_1                 0x20000211   Thumb Code     0  libshutdown2.o(.ARM.Collect$$libshutdown$$00000011)
    __rt_lib_shutdown_return                 0x20000211   Thumb Code     0  libshutdown2.o(.ARM.Collect$$libshutdown$$00000012)
    __rt_lib_shutdown_signal_1               0x20000211   Thumb Code     0  libshutdown2.o(.ARM.Collect$$libshutdown$$0000000C)
    __rt_lib_shutdown_stdio_1                0x20000211   Thumb Code     0  libshutdown2.o(.ARM.Collect$$libshutdown$$00000006)
    __rt_lib_shutdown_user_alloc_1           0x20000211   Thumb Code     0  libshutdown2.o(.ARM.Collect$$libshutdown$$0000000E)
    __rt_entry                               0x20000213   Thumb Code     0  __rtentry.o(.ARM.Collect$$rtentry$$00000000)
    __rt_entry_presh_1                       0x20000213   Thumb Code     0  __rtentry2.o(.ARM.Collect$$rtentry$$00000002)
    __rt_entry_sh                            0x20000213   Thumb Code     0  __rtentry4.o(.ARM.Collect$$rtentry$$00000004)
    __rt_entry_li                            0x20000219   Thumb Code     0  __rtentry2.o(.ARM.Collect$$rtentry$$0000000A)
    __rt_entry_postsh_1                      0x20000219   Thumb Code     0  __rtentry2.o(.ARM.Collect$$rtentry$$00000009)
    __rt_entry_main                          0x2000021d   Thumb Code     0  __rtentry2.o(.ARM.Collect$$rtentry$$0000000D)
    __rt_entry_postli_1                      0x2000021d   Thumb Code     0  __rtentry2.o(.ARM.Collect$$rtentry$$0000000C)
    __rt_exit                                0x20000225   Thumb Code     0  rtexit.o(.ARM.Collect$$rtexit$$00000000)
    __rt_exit_ls                             0x20000227   Thumb Code     0  rtexit2.o(.ARM.Collect$$rtexit$$00000003)
    __rt_exit_prels_1                        0x20000227   Thumb Code     0  rtexit2.o(.ARM.Collect$$rtexit$$00000002)
    __rt_exit_exit                           0x2000022b   Thumb Code     0  rtexit2.o(.ARM.Collect$$rtexit$$00000004)
    Reset_Handler                            0x20000231   Thumb Code     8  startup_stm32f407xx.o(.text)
    NMI_Handler                              0x20000239   Thumb Code     2  startup_stm32f407xx.o(.text)
    HardFault_Handler                        0x2000023b   Thumb Code     2  startup_stm32f407xx.o(.text)
    MemManage_Handler                        0x2000023d   Thumb Code     2  startup_stm32f407xx.o(.text)
    BusFault_Handler                         0x2000023f   Thumb Code     2  startup_stm32f407xx.o(.text)
    UsageFault_Handler                       0x20000241   Thumb Code     2  startup_stm32f407xx.o(.text)
    SVC_Handler                              0x20000243   Thumb Code     2  startup_stm32f407xx.o(.text)
    DebugMon_Handler                         0x20000245   Thumb Code     2  startup_stm32f407xx.o(.text)
    PendSV_Handler                           0x20000247   Thumb Code     2  startup_stm32f407xx.o(.text)
    SysTick_Handler                          0x20000249   Thumb Code     2  startup_stm32f407xx.o(.text)
    ADC_IRQHandler                           0x2000024b   Thumb Code     0  startup_stm32f407xx.o(.text)
    CAN1_RX0_IRQHandler                      0x2000024b   Thumb Code     0  startup_stm32f407xx.o(.text)
    CAN1_RX1_IRQHandler                      0x2000024b   Thumb Code     0  startup_stm32f407xx.o(.text)
    CAN1_SCE_IRQHandler                      0x2000024b   Thumb Code     0  startup_stm32f407xx.o(.text)
    CAN1_TX_IRQHandler                       0x2000024b   Thumb Code     0  startup_stm32f407xx.o(.text)
    CAN2_RX0_IRQHandler                      0x2000024b   Thumb Code     0  startup_stm32f407xx.o(.text)
    CAN2_RX1_IRQHandler                      0x2000024b   Thumb Code     0  startup_stm32f407xx.o(.text)
    CAN2_SCE_IRQHandler                      0x2000024b   Thumb Code     0  startup_stm32f407xx.o(.text)
    CAN2_TX_IRQHandler                       0x2000024b   Thumb Code     0  startup_stm32f407xx.o(.text)
    DCMI_IRQHandler                          0x2000024b   Thumb Code     0  startup_stm32f407xx.o(.text)
    DMA1_Stream0_IRQHandler                  0x2000024b   Thumb Code     0  startup_stm32f407xx.o(.text)
    DMA1_Stream1_IRQHandler                  0x2000024b   Thumb Code     0  startup_stm32f407xx.o(.text)
    DMA1_Stream2_IRQHandler                  0x2000024b   Thumb Code     0  startup_stm32f407xx.o(.text)
    DMA1_Stream3_IRQHandler                  0x2000024b   Thumb Code     0  startup_stm32f407xx.o(.text)
    DMA1_Stream4_IRQHandler                  0x2000024b   Thumb Code     0  startup_stm32f407xx.o(.text)
    DMA1_Stream5_IRQHandler                  0x2000024b   Thumb Code     0  startup_stm32f407xx.o(.text)
    DMA1_Stream6_IRQHandler                  0x2000024b   Thumb Code     0  startup_stm32f407xx.o(.text)
    DMA1_Stream7_IRQHandler                  0x2000024b   Thumb Code     0  startup_stm32f407xx.o(.text)
    DMA2_Stream0_IRQHandler                  0x2000024b   Thumb Code     0  startup_stm32f407xx.o(.text)
    DMA2_Stream1_IRQHandler                  0x2000024b   Thumb Code     0  startup_stm32f407xx.o(.text)
    DMA2_Stream2_IRQHandler                  0x2000024b   Thumb Code     0  startup_stm32f407xx.o(.text)
    DMA2_Stream3_IRQHandler                  0x2000024b   Thumb Code     0  startup_stm32f407xx.o(.text)
    DMA2_Stream4_IRQHandler                  0x2000024b   Thumb Code     0  startup_stm32f407xx.o(.text)
    DMA2_Stream5_IRQHandler                  0x2000024b   Thumb Code     0  startup_stm32f407xx.o(.text)
    DMA2_Stream6_IRQHandler                  0x2000024b   Thumb Code     0  startup_stm32f407xx.o(.text)
    DMA2_Stream7_IRQHandler                  0x2000024b   Thumb Code     0  startup_stm32f407xx.o(.text)
    ETH_IRQHandler                           0x2000024b   Thumb Code     0  startup_stm32f407xx.o(.text)
    ETH_WKUP_IRQHandler                      0x2000024b   Thumb Code     0  startup_stm32f407xx.o(.text)
    EXTI0_IRQHandler                         0x2000024b   Thumb Code     0  startup_stm32f407xx.o(.text)
    EXTI15_10_IRQHandler                     0x2000024b   Thumb Code     0  startup_stm32f407xx.o(.text)
    EXTI1_IRQHandler                         0x2000024b   Thumb Code     0  startup_stm32f407xx.o(.text)
    EXTI2_IRQHandler                         0x2000024b   Thumb Code     0  startup_stm32f407xx.o(.text)
    EXTI3_IRQHandler                         0x2000024b   Thumb Code     0  startup_stm32f407xx.o(.text)
    EXTI4_IRQHandler                         0x2000024b   Thumb Code     0  startup_stm32f407xx.o(.text)
    EXTI9_5_IRQHandler                       0x2000024b   Thumb Code     0  startup_stm32f407xx.o(.text)
    FLASH_IRQHandler                         0x2000024b   Thumb Code     0  startup_stm32f407xx.o(.text)
    FMC_IRQHandler                           0x2000024b   Thumb Code     0  startup_stm32f407xx.o(.text)
    FPU_IRQHandler                           0x2000024b   Thumb Code     0  startup_stm32f407xx.o(.text)
    HASH_RNG_IRQHandler                      0x2000024b   Thumb Code     0  startup_stm32f407xx.o(.text)
    I2C1_ER_IRQHandler                       0x2000024b   Thumb Code     0  startup_stm32f407xx.o(.text)
    I2C1_EV_IRQHandler                       0x2000024b   Thumb Code     0  startup_stm32f407xx.o(.text)
    I2C2_ER_IRQHandler                       0x2000024b   Thumb Code     0  startup_stm32f407xx.o(.text)
    I2C2_EV_IRQHandler                       0x2000024b   Thumb Code     0  startup_stm32f407xx.o(.text)
    I2C3_ER_IRQHandler                       0x2000024b   Thumb Code     0  startup_stm32f407xx.o(.text)
    I2C3_EV_IRQHandler                       0x2000024b   Thumb Code     0  startup_stm32f407xx.o(.text)
    OTG_FS_IRQHandler                        0x2000024b   Thumb Code     0  startup_stm32f407xx.o(.text)
    OTG_FS_WKUP_IRQHandler                   0x2000024b   Thumb Code     0  startup_stm32f407xx.o(.text)
    OTG_HS_EP1_IN_IRQHandler                 0x2000024b   Thumb Code     0  startup_stm32f407xx.o(.text)
    OTG_HS_EP1_OUT_IRQHandler                0x2000024b   Thumb Code     0  startup_stm32f407xx.o(.text)
    OTG_HS_IRQHandler                        0x2000024b   Thumb Code     0  startup_stm32f407xx.o(.text)
    OTG_HS_WKUP_IRQHandler                   0x2000024b   Thumb Code     0  startup_stm32f407xx.o(.text)
    PVD_IRQHandler                           0x2000024b   Thumb Code     0  startup_stm32f407xx.o(.text)
    RCC_IRQHandler                           0x2000024b   Thumb Code     0  startup_stm32f407xx.o(.text)
    RTC_Alarm_IRQHandler                     0x2000024b   Thumb Code     0  startup_stm32f407xx.o(.text)
    RTC_WKUP_IRQHandler                      0x2000024b   Thumb Code     0  startup_stm32f407xx.o(.text)
    SDIO_IRQHandler                          0x2000024b   Thumb Code     0  startup_stm32f407xx.o(.text)
    SPI1_IRQHandler                          0x2000024b   Thumb Code     0  startup_stm32f407xx.o(.text)
    SPI2_IRQHandler                          0x2000024b   Thumb Code     0  startup_stm32f407xx.o(.text)
    SPI3_IRQHandler                          0x2000024b   Thumb Code     0  startup_stm32f407xx.o(.text)
    TAMP_STAMP_IRQHandler                    0x2000024b   Thumb Code     0  startup_stm32f407xx.o(.text)
    TIM1_BRK_TIM9_IRQHandler                 0x2000024b   Thumb Code     0  startup_stm32f407xx.o(.text)
    TIM1_CC_IRQHandler                       0x2000024b   Thumb Code     0  startup_stm32f407xx.o(.text)
    TIM1_TRG_COM_TIM11_IRQHandler            0x2000024b   Thumb Code     0  startup_stm32f407xx.o(.text)
    TIM1_UP_TIM10_IRQHandler                 0x2000024b   Thumb Code     0  startup_stm32f407xx.o(.text)
    TIM2_IRQHandler                          0x2000024b   Thumb Code     0  startup_stm32f407xx.o(.text)
    TIM3_IRQHandler                          0x2000024b   Thumb Code     0  startup_stm32f407xx.o(.text)
    TIM4_IRQHandler                          0x2000024b   Thumb Code     0  startup_stm32f407xx.o(.text)
    TIM5_IRQHandler                          0x2000024b   Thumb Code     0  startup_stm32f407xx.o(.text)
    TIM6_DAC_IRQHandler                      0x2000024b   Thumb Code     0  startup_stm32f407xx.o(.text)
    TIM8_BRK_TIM12_IRQHandler                0x2000024b   Thumb Code     0  startup_stm32f407xx.o(.text)
    TIM8_CC_IRQHandler                       0x2000024b   Thumb Code     0  startup_stm32f407xx.o(.text)
    TIM8_TRG_COM_TIM14_IRQHandler            0x2000024b   Thumb Code     0  startup_stm32f407xx.o(.text)
    TIM8_UP_TIM13_IRQHandler                 0x2000024b   Thumb Code     0  startup_stm32f407xx.o(.text)
    UART4_IRQHandler                         0x2000024b   Thumb Code     0  startup_stm32f407xx.o(.text)
    UART5_IRQHandler                         0x2000024b   Thumb Code     0  startup_stm32f407xx.o(.text)
    USART1_IRQHandler                        0x2000024b   Thumb Code     0  startup_stm32f407xx.o(.text)
    USART2_IRQHandler                        0x2000024b   Thumb Code     0  startup_stm32f407xx.o(.text)
    USART3_IRQHandler                        0x2000024b   Thumb Code     0  startup_stm32f407xx.o(.text)
    USART6_IRQHandler                        0x2000024b   Thumb Code     0  startup_stm32f407xx.o(.text)
    WWDG_IRQHandler                          0x2000024b   Thumb Code     0  startup_stm32f407xx.o(.text)
    __user_initial_stackheap                 0x2000024d   Thumb Code     0  startup_stm32f407xx.o(.text)
    __2sprintf                               0x20000271   Thumb Code    34  noretval__2sprintf.o(.text)
    _printf_pre_padding                      0x20000299   Thumb Code    44  _printf_pad.o(.text)
    _printf_post_padding                     0x200002c5   Thumb Code    34  _printf_pad.o(.text)
    _printf_int_dec                          0x200002e9   Thumb Code   104  _printf_dec.o(.text)
    __printf                                 0x20000361   Thumb Code   270  __printf_wp.o(.text)
    strlen                                   0x2000046f   Thumb Code    62  strlen.o(.text)
    __use_two_region_memory                  0x200004ad   Thumb Code     2  heapauxi.o(.text)
    __rt_heap_escrow$2region                 0x200004af   Thumb Code     2  heapauxi.o(.text)
    __rt_heap_expand$2region                 0x200004b1   Thumb Code     2  heapauxi.o(.text)
    _printf_int_common                       0x200004b3   Thumb Code   178  _printf_intcommon.o(.text)
    _printf_char_common                      0x2000056f   Thumb Code    32  _printf_char_common.o(.text)
    _sputc                                   0x20000595   Thumb Code    10  _sputc.o(.text)
    __user_setup_stackheap                   0x2000059f   Thumb Code    74  sys_stackheap_outer.o(.text)
    exit                                     0x200005e9   Thumb Code    18  exit.o(.text)
    __user_libspace                          0x200005fd   Thumb Code     8  libspace.o(.text)
    __user_perproc_libspace                  0x200005fd   Thumb Code     0  libspace.o(.text)
    __user_perthread_libspace                0x200005fd   Thumb Code     0  libspace.o(.text)
    _sys_exit                                0x20000605   Thumb Code     8  sys_exit.o(.text)
    __I$use$semihosting                      0x20000611   Thumb Code     0  use_no_semi.o(.text)
    __use_no_semihosting_swi                 0x20000611   Thumb Code     2  use_no_semi.o(.text)
    __semihosting_library_function           0x20000613   Thumb Code     0  indicate_semi.o(.text)
    LCD_Output16BitWord                      0x20000615   Thumb Code   150  func.o(i.LCD_Output16BitWord)
    LCD_WriteReg                             0x200006b5   Thumb Code    20  display.o(i.LCD_WriteReg)
    LCD_command                              0x200006c9   Thumb Code    68  display.o(i.LCD_command)
    LCD_data                                 0x20000715   Thumb Code    68  display.o(i.LCD_data)
    LCD_drawPixel                            0x20000761   Thumb Code    14  display.o(i.LCD_drawPixel)
    LCD_init                                 0x20000771   Thumb Code   208  display.o(i.LCD_init)
    LCD_setCursor                            0x20000845   Thumb Code    24  display.o(i.LCD_setCursor)
    SystemCoreClockUpdate                    0x2000085d   Thumb Code   170  system_stm32f4xx.o(i.SystemCoreClockUpdate)
    SystemInit                               0x2000091d   Thumb Code    82  system_stm32f4xx.o(i.SystemInit)
    TIM7_IRQHandler                          0x20000981   Thumb Code    62  timer.o(i.TIM7_IRQHandler)
    _is_digit                                0x200009d5   Thumb Code    14  __printf_wp.o(i._is_digit)
    clearDisplay                             0x200009e5   Thumb Code    32  display.o(i.clearDisplay)
    delayForFunction                         0x20000a09   Thumb Code    18  func.o(i.delayForFunction)
    drawLetter                               0x20000a1d   Thumb Code   184  display.o(i.drawLetter)
    drawString                               0x20000ae9   Thumb Code    94  display.o(i.drawString)
    main                                     0x20000b49   Thumb Code   390  main.o(i.main)
    mcpr_SetSystemCoreClock                  0x20000df1   Thumb Code    12  _mcpr_stm32f407.o(i.mcpr_SetSystemCoreClock)
    timer4_init                              0x20000dfd   Thumb Code    98  timer.o(i.timer4_init)
    timer7_init                              0x20000e6d   Thumb Code   130  timer.o(i.timer7_init)
    _fp_init                                 0x20000f01   Thumb Code    10  fpinit.o(x$fpl$fpinit)
    __fplib_config_fpu_vfp                   0x20000f09   Thumb Code     0  fpinit.o(x$fpl$fpinit)
    __fplib_config_pureend_doubles           0x20000f09   Thumb Code     0  fpinit.o(x$fpl$fpinit)
    console_font_12x16                       0x20000f0a   Data        8192  display.o(.constdata)
    AHBPrescTable                            0x20002f0a   Data          16  system_stm32f4xx.o(.constdata)
    APBPrescTable                            0x20002f1a   Data           8  system_stm32f4xx.o(.constdata)
    Region$$Table$$Base                      0x20002f24   Number         0  anon$$obj.o(Region$$Table)
    Region$$Table$$Limit                     0x20002f44   Number         0  anon$$obj.o(Region$$Table)
    ms                                       0x20010000   Data           4  main.o(.data)
    SystemCoreClock                          0x20010004   Data           4  system_stm32f4xx.o(.data)
    seconds                                  0x20010008   Data          20  main.o(.bss)
    __libspace_start                         0x2001001c   Data          96  libspace.o(.bss)
    __temporary_stack_top$libspace           0x2001007c   Data           0  libspace.o(.bss)



==============================================================================

Memory Map of the image

  Image Entry point : 0x20000189

  Load Region LR_IROM1 (Base: 0x20000000, Size: 0x00002f4c, Max: 0x00010000, ABSOLUTE)

    Execution Region ER_IROM1 (Exec base: 0x20000000, Load base: 0x20000000, Size: 0x00002f44, Max: 0x00010000, ABSOLUTE)

    Exec Addr    Load Addr    Size         Type   Attr      Idx    E Section Name        Object

    0x20000000   0x20000000   0x00000188   Data   RO          298    RESET               startup_stm32f407xx.o
    0x20000188   0x20000188   0x00000008   Code   RO          378  * !!!main             c_w.l(__main.o)
    0x20000190   0x20000190   0x00000034   Code   RO          563    !!!scatter          c_w.l(__scatter.o)
    0x200001c4   0x200001c4   0x0000001a   Code   RO          565    !!handler_copy      c_w.l(__scatter_copy.o)
    0x200001de   0x200001de   0x00000002   PAD
    0x200001e0   0x200001e0   0x0000001c   Code   RO          567    !!handler_zi        c_w.l(__scatter_zi.o)
    0x200001fc   0x200001fc   0x00000000   Code   RO          373    .ARM.Collect$$_printf_percent$$00000000  c_w.l(_printf_percent.o)
    0x200001fc   0x200001fc   0x00000006   Code   RO          372    .ARM.Collect$$_printf_percent$$00000009  c_w.l(_printf_d.o)
    0x20000202   0x20000202   0x00000004   Code   RO          397    .ARM.Collect$$_printf_percent$$00000017  c_w.l(_printf_percent_end.o)
    0x20000206   0x20000206   0x00000002   Code   RO          431    .ARM.Collect$$libinit$$00000000  c_w.l(libinit.o)
    0x20000208   0x20000208   0x00000004   Code   RO          437    .ARM.Collect$$libinit$$00000001  c_w.l(libinit2.o)
    0x2000020c   0x2000020c   0x00000000   Code   RO          440    .ARM.Collect$$libinit$$00000004  c_w.l(libinit2.o)
    0x2000020c   0x2000020c   0x00000000   Code   RO          443    .ARM.Collect$$libinit$$0000000A  c_w.l(libinit2.o)
    0x2000020c   0x2000020c   0x00000000   Code   RO          445    .ARM.Collect$$libinit$$0000000C  c_w.l(libinit2.o)
    0x2000020c   0x2000020c   0x00000000   Code   RO          447    .ARM.Collect$$libinit$$0000000E  c_w.l(libinit2.o)
    0x2000020c   0x2000020c   0x00000000   Code   RO          450    .ARM.Collect$$libinit$$00000011  c_w.l(libinit2.o)
    0x2000020c   0x2000020c   0x00000000   Code   RO          452    .ARM.Collect$$libinit$$00000013  c_w.l(libinit2.o)
    0x2000020c   0x2000020c   0x00000000   Code   RO          454    .ARM.Collect$$libinit$$00000015  c_w.l(libinit2.o)
    0x2000020c   0x2000020c   0x00000000   Code   RO          456    .ARM.Collect$$libinit$$00000017  c_w.l(libinit2.o)
    0x2000020c   0x2000020c   0x00000000   Code   RO          458    .ARM.Collect$$libinit$$00000019  c_w.l(libinit2.o)
    0x2000020c   0x2000020c   0x00000000   Code   RO          460    .ARM.Collect$$libinit$$0000001B  c_w.l(libinit2.o)
    0x2000020c   0x2000020c   0x00000000   Code   RO          462    .ARM.Collect$$libinit$$0000001D  c_w.l(libinit2.o)
    0x2000020c   0x2000020c   0x00000000   Code   RO          464    .ARM.Collect$$libinit$$0000001F  c_w.l(libinit2.o)
    0x2000020c   0x2000020c   0x00000000   Code   RO          466    .ARM.Collect$$libinit$$00000021  c_w.l(libinit2.o)
    0x2000020c   0x2000020c   0x00000000   Code   RO          468    .ARM.Collect$$libinit$$00000023  c_w.l(libinit2.o)
    0x2000020c   0x2000020c   0x00000000   Code   RO          470    .ARM.Collect$$libinit$$00000025  c_w.l(libinit2.o)
    0x2000020c   0x2000020c   0x00000000   Code   RO          474    .ARM.Collect$$libinit$$0000002C  c_w.l(libinit2.o)
    0x2000020c   0x2000020c   0x00000000   Code   RO          476    .ARM.Collect$$libinit$$0000002E  c_w.l(libinit2.o)
    0x2000020c   0x2000020c   0x00000000   Code   RO          478    .ARM.Collect$$libinit$$00000030  c_w.l(libinit2.o)
    0x2000020c   0x2000020c   0x00000000   Code   RO          480    .ARM.Collect$$libinit$$00000032  c_w.l(libinit2.o)
    0x2000020c   0x2000020c   0x00000002   Code   RO          481    .ARM.Collect$$libinit$$00000033  c_w.l(libinit2.o)
    0x2000020e   0x2000020e   0x00000002   Code   RO          501    .ARM.Collect$$libshutdown$$00000000  c_w.l(libshutdown.o)
    0x20000210   0x20000210   0x00000000   Code   RO          514    .ARM.Collect$$libshutdown$$00000002  c_w.l(libshutdown2.o)
    0x20000210   0x20000210   0x00000000   Code   RO          516    .ARM.Collect$$libshutdown$$00000004  c_w.l(libshutdown2.o)
    0x20000210   0x20000210   0x00000000   Code   RO          518    .ARM.Collect$$libshutdown$$00000006  c_w.l(libshutdown2.o)
    0x20000210   0x20000210   0x00000000   Code   RO          521    .ARM.Collect$$libshutdown$$00000009  c_w.l(libshutdown2.o)
    0x20000210   0x20000210   0x00000000   Code   RO          524    .ARM.Collect$$libshutdown$$0000000C  c_w.l(libshutdown2.o)
    0x20000210   0x20000210   0x00000000   Code   RO          526    .ARM.Collect$$libshutdown$$0000000E  c_w.l(libshutdown2.o)
    0x20000210   0x20000210   0x00000000   Code   RO          529    .ARM.Collect$$libshutdown$$00000011  c_w.l(libshutdown2.o)
    0x20000210   0x20000210   0x00000002   Code   RO          530    .ARM.Collect$$libshutdown$$00000012  c_w.l(libshutdown2.o)
    0x20000212   0x20000212   0x00000000   Code   RO          390    .ARM.Collect$$rtentry$$00000000  c_w.l(__rtentry.o)
    0x20000212   0x20000212   0x00000000   Code   RO          406    .ARM.Collect$$rtentry$$00000002  c_w.l(__rtentry2.o)
    0x20000212   0x20000212   0x00000006   Code   RO          418    .ARM.Collect$$rtentry$$00000004  c_w.l(__rtentry4.o)
    0x20000218   0x20000218   0x00000000   Code   RO          408    .ARM.Collect$$rtentry$$00000009  c_w.l(__rtentry2.o)
    0x20000218   0x20000218   0x00000004   Code   RO          409    .ARM.Collect$$rtentry$$0000000A  c_w.l(__rtentry2.o)
    0x2000021c   0x2000021c   0x00000000   Code   RO          411    .ARM.Collect$$rtentry$$0000000C  c_w.l(__rtentry2.o)
    0x2000021c   0x2000021c   0x00000008   Code   RO          412    .ARM.Collect$$rtentry$$0000000D  c_w.l(__rtentry2.o)
    0x20000224   0x20000224   0x00000002   Code   RO          435    .ARM.Collect$$rtexit$$00000000  c_w.l(rtexit.o)
    0x20000226   0x20000226   0x00000000   Code   RO          483    .ARM.Collect$$rtexit$$00000002  c_w.l(rtexit2.o)
    0x20000226   0x20000226   0x00000004   Code   RO          484    .ARM.Collect$$rtexit$$00000003  c_w.l(rtexit2.o)
    0x2000022a   0x2000022a   0x00000006   Code   RO          485    .ARM.Collect$$rtexit$$00000004  c_w.l(rtexit2.o)
    0x20000230   0x20000230   0x00000040   Code   RO          299    .text               startup_stm32f407xx.o
    0x20000270   0x20000270   0x00000028   Code   RO          344    .text               c_w.l(noretval__2sprintf.o)
    0x20000298   0x20000298   0x0000004e   Code   RO          348    .text               c_w.l(_printf_pad.o)
    0x200002e6   0x200002e6   0x00000002   PAD
    0x200002e8   0x200002e8   0x00000078   Code   RO          350    .text               c_w.l(_printf_dec.o)
    0x20000360   0x20000360   0x0000010e   Code   RO          360    .text               c_w.l(__printf_wp.o)
    0x2000046e   0x2000046e   0x0000003e   Code   RO          374    .text               c_w.l(strlen.o)
    0x200004ac   0x200004ac   0x00000006   Code   RO          376    .text               c_w.l(heapauxi.o)
    0x200004b2   0x200004b2   0x000000b2   Code   RO          391    .text               c_w.l(_printf_intcommon.o)
    0x20000564   0x20000564   0x00000030   Code   RO          393    .text               c_w.l(_printf_char_common.o)
    0x20000594   0x20000594   0x0000000a   Code   RO          395    .text               c_w.l(_sputc.o)
    0x2000059e   0x2000059e   0x0000004a   Code   RO          422    .text               c_w.l(sys_stackheap_outer.o)
    0x200005e8   0x200005e8   0x00000012   Code   RO          424    .text               c_w.l(exit.o)
    0x200005fa   0x200005fa   0x00000002   PAD
    0x200005fc   0x200005fc   0x00000008   Code   RO          432    .text               c_w.l(libspace.o)
    0x20000604   0x20000604   0x0000000c   Code   RO          493    .text               c_w.l(sys_exit.o)
    0x20000610   0x20000610   0x00000002   Code   RO          504    .text               c_w.l(use_no_semi.o)
    0x20000612   0x20000612   0x00000000   Code   RO          506    .text               c_w.l(indicate_semi.o)
    0x20000612   0x20000612   0x00000002   PAD
    0x20000614   0x20000614   0x000000a0   Code   RO          215    i.LCD_Output16BitWord  func.o
    0x200006b4   0x200006b4   0x00000014   Code   RO          127    i.LCD_WriteReg      display.o
    0x200006c8   0x200006c8   0x0000004c   Code   RO          128    i.LCD_command       display.o
    0x20000714   0x20000714   0x0000004c   Code   RO          129    i.LCD_data          display.o
    0x20000760   0x20000760   0x0000000e   Code   RO          130    i.LCD_drawPixel     display.o
    0x2000076e   0x2000076e   0x00000002   PAD
    0x20000770   0x20000770   0x000000d4   Code   RO          131    i.LCD_init          display.o
    0x20000844   0x20000844   0x00000018   Code   RO          132    i.LCD_setCursor     display.o
    0x2000085c   0x2000085c   0x000000c0   Code   RO          306    i.SystemCoreClockUpdate  system_stm32f4xx.o
    0x2000091c   0x2000091c   0x00000064   Code   RO          307    i.SystemInit        system_stm32f4xx.o
    0x20000980   0x20000980   0x00000054   Code   RO          251    i.TIM7_IRQHandler   timer.o
    0x200009d4   0x200009d4   0x0000000e   Code   RO          362    i._is_digit         c_w.l(__printf_wp.o)
    0x200009e2   0x200009e2   0x00000002   PAD
    0x200009e4   0x200009e4   0x00000024   Code   RO          134    i.clearDisplay      display.o
    0x20000a08   0x20000a08   0x00000012   Code   RO          216    i.delayForFunction  func.o
    0x20000a1a   0x20000a1a   0x00000002   PAD
    0x20000a1c   0x20000a1c   0x000000cc   Code   RO          136    i.drawLetter        display.o
    0x20000ae8   0x20000ae8   0x0000005e   Code   RO          137    i.drawString        display.o
    0x20000b46   0x20000b46   0x00000002   PAD
    0x20000b48   0x20000b48   0x000001ac   Code   RO            4    i.main              main.o
    0x20000cf4   0x20000cf4   0x000000fc   Code   RO           80    i.mcpr_SetSysClock  _mcpr_stm32f407.o
    0x20000df0   0x20000df0   0x0000000c   Code   RO           82    i.mcpr_SetSystemCoreClock  _mcpr_stm32f407.o
    0x20000dfc   0x20000dfc   0x00000070   Code   RO          252    i.timer4_init       timer.o
    0x20000e6c   0x20000e6c   0x00000094   Code   RO          253    i.timer7_init       timer.o
    0x20000f00   0x20000f00   0x0000000a   Code   RO          491    x$fpl$fpinit        fz_wm.l(fpinit.o)
    0x20000f0a   0x20000f0a   0x00002000   Data   RO          138    .constdata          display.o
    0x20002f0a   0x20002f0a   0x00000018   Data   RO          308    .constdata          system_stm32f4xx.o
    0x20002f22   0x20002f22   0x00000002   PAD
    0x20002f24   0x20002f24   0x00000020   Data   RO          561    Region$$Table       anon$$obj.o


    Execution Region RW_IRAM1 (Exec base: 0x20010000, Load base: 0x20002f44, Size: 0x00000680, Max: 0x00010000, ABSOLUTE)

    Exec Addr    Load Addr    Size         Type   Attr      Idx    E Section Name        Object

    0x20010000   0x20002f44   0x00000004   Data   RW            6    .data               main.o
    0x20010004   0x20002f48   0x00000004   Data   RW          309    .data               system_stm32f4xx.o
    0x20010008        -       0x00000014   Zero   RW            5    .bss                main.o
    0x2001001c        -       0x00000060   Zero   RW          433    .bss                c_w.l(libspace.o)
    0x2001007c   0x20002f4c   0x00000004   PAD
    0x20010080        -       0x00000200   Zero   RW          297    HEAP                startup_stm32f407xx.o
    0x20010280        -       0x00000400   Zero   RW          296    STACK               startup_stm32f407xx.o


==============================================================================

Image component sizes


      Code (inc. data)   RO Data    RW Data    ZI Data      Debug   Object Name

       264         26          0          0          0       1514   _mcpr_stm32f407.o
       756         44       8192          0          0       5817   display.o
       178         10          0          0          0        973   func.o
       428         38          0          4         20     565068   main.o
        64         26        392          0       1536        848   startup_stm32f407xx.o
       292         40         24          4          0       1991   system_stm32f4xx.o
       344         54          0          0          0      31609   timer.o

    ----------------------------------------------------------------------
      2332        238       8642          8       1556     607820   Object Totals
         0          0         32          0          0          0   (incl. Generated)
         6          0          2          0          0          0   (incl. Padding)

    ----------------------------------------------------------------------

      Code (inc. data)   RO Data    RW Data    ZI Data      Debug   Library Member Name

         8          0          0          0          0         68   __main.o
       284          0          0          0          0        156   __printf_wp.o
         0          0          0          0          0          0   __rtentry.o
        12          0          0          0          0          0   __rtentry2.o
         6          0          0          0          0          0   __rtentry4.o
        52          8          0          0          0          0   __scatter.o
        26          0          0          0          0          0   __scatter_copy.o
        28          0          0          0          0          0   __scatter_zi.o
        48          6          0          0          0         96   _printf_char_common.o
         6          0          0          0          0          0   _printf_d.o
       120         16          0          0          0         92   _printf_dec.o
       178          0          0          0          0         88   _printf_intcommon.o
        78          0          0          0          0        108   _printf_pad.o
         0          0          0          0          0          0   _printf_percent.o
         4          0          0          0          0          0   _printf_percent_end.o
        10          0          0          0          0         68   _sputc.o
        18          0          0          0          0         80   exit.o
         6          0          0          0          0        152   heapauxi.o
         0          0          0          0          0          0   indicate_semi.o
         2          0          0          0          0          0   libinit.o
         6          0          0          0          0          0   libinit2.o
         2          0          0          0          0          0   libshutdown.o
         2          0          0          0          0          0   libshutdown2.o
         8          4          0          0         96         68   libspace.o
        40          6          0          0          0         84   noretval__2sprintf.o
         2          0          0          0          0          0   rtexit.o
        10          0          0          0          0          0   rtexit2.o
        62          0          0          0          0         76   strlen.o
        12          4          0          0          0         68   sys_exit.o
        74          0          0          0          0         80   sys_stackheap_outer.o
         2          0          0          0          0         68   use_no_semi.o
        10          0          0          0          0        116   fpinit.o

    ----------------------------------------------------------------------
      1126         44          0          0        100       1468   Library Totals
        10          0          0          0          4          0   (incl. Padding)

    ----------------------------------------------------------------------

      Code (inc. data)   RO Data    RW Data    ZI Data      Debug   Library Name

      1106         44          0          0         96       1352   c_w.l
        10          0          0          0          0        116   fz_wm.l

    ----------------------------------------------------------------------
      1126         44          0          0        100       1468   Library Totals

    ----------------------------------------------------------------------

==============================================================================


      Code (inc. data)   RO Data    RW Data    ZI Data      Debug   

      3458        282       8642          8       1656     607064   Grand Totals
      3458        282       8642          8       1656     607064   ELF Image Totals
      3458        282       8642          8          0          0   ROM Totals

==============================================================================

    Total RO  Size (Code + RO Data)                12100 (  11.82kB)
    Total RW  Size (RW Data + ZI Data)              1664 (   1.63kB)
    Total ROM Size (Code + RO Data + RW Data)      12108 (  11.82kB)

==============================================================================

